# Stable semantic fragments. Full prose may evolve, but these claims may not.
tier1=target was directly reachable
tier3_support=want to get close
tier3_opposition=really don't want
confidence=gamma=
counterfactual=lower recorded support
plan_comparison=The lower total won
alternative_route=We could
egocentric=turn left
